// Jest Snapshot v1, https://goo.gl/fbAQLP

exports[`This snapshot test should pass for 1 star Should render as expected! 1`] = `
<div
  className="badstar"
>
  <span
    className="gold"
    style={
      Object {
        "color": "rgb(255, 188, 40)",
      }
    }
  >
    ★
  </span>
  <span
    className="gray"
    style={
      Object {
        "color": "gray",
      }
    }
  >
    ★
  </span>
  <span
    className="gray"
    style={
      Object {
        "color": "gray",
      }
    }
  >
    ★
  </span>
  <span
    className="gray"
    style={
      Object {
        "color": "gray",
      }
    }
  >
    ★
  </span>
  <span
    className="gray"
    style={
      Object {
        "color": "gray",
      }
    }
  >
    ★
  </span>
  <span
    className="tiny"
    style={
      Object {
        "fontSize": "10px",
        "padding": "0px 20px 0px 5px",
        "position": "relative",
        "top": "-8px",
      }
    }
  >
     
    v
     
  </span>
  <a
    href="#"
    style={
      Object {
        "fontSize": "13px",
      }
    }
  >
     66,847 ratings
  </a>
  <span
    className="line"
    style={
      Object {
        "fontSize": "13px",
        "padding": "10px",
      }
    }
  >
     | 
  </span>
  <a
    href="#"
    style={
      Object {
        "fontSize": "13px",
      }
    }
  >
    1000+ answered questions
  </a>
</div>
`;
