// Jest Snapshot v1, https://goo.gl/fbAQLP

exports[`matches snapshot 1`] = `
<div>
  <h1>
     Customer Reviews
  </h1>
  <div
    className="MuiGrid-root MuiGrid-container MuiGrid-align-items-xs-flex-start"
    id="left-grid"
  >
    <div
      className="MuiGrid-root MuiGrid-item MuiGrid-grid-sm-4"
    >
      <div>
        <div
          className="chart"
          id="goodChart"
        >
          <h4>
             
            <span
              className="gold"
            >
              ★
            </span>
            <span
              className="gold"
            >
              ★
            </span>
            <span
              className="gold"
            >
              ★
            </span>
            <span
              className="gold"
            >
              ★
            </span>
            <span
              className="gray"
            >
              ★
            </span>
             4.1 out of 5
          </h4>
          <h5>
            26,547 customer ratings
          </h5>
          <h5>
            <a
              className="chartLink"
              href="#"
            >
              5 Star 
            </a>
             
            <progress
              max="100"
              value="15"
            />
             
            <a
              className="chartLink"
              href="#"
            >
              15%
            </a>
             
          </h5>
          <h5>
            <a
              className="chartLink"
              href="#"
            >
              4 Star 
            </a>
             
            <progress
              max="100"
              value="64"
            />
             
            <a
              className="chartLink"
              href="#"
            >
              64%
            </a>
             
          </h5>
          <h5>
            <a
              className="chartLink"
              href="#"
            >
              3 Star 
            </a>
             
            <progress
              max="100"
              value="7"
            />
             
            <a
              className="chartLink"
              href="#"
            >
              7%
            </a>
             
          </h5>
          <h5>
            <a
              className="chartLink"
              href="#"
            >
              2 Star 
            </a>
             
            <progress
              max="100"
              value="9"
            />
             
            <a
              className="chartLink"
              href="#"
            >
              9%
            </a>
             
          </h5>
          <h5>
            <a
              className="chartLink"
              href="#"
            >
              1 Star 
            </a>
             
            <progress
              max="100"
              value="5"
            />
             
            <a
              className="chartLink"
              href="#"
            >
              5%
            </a>
             
          </h5>
          <hr />
          <a
            className="chartLink"
            href="#"
          >
            See all customer reviews &gt; 
          </a>
        </div>
      </div>
      <div
        id="review-feature"
      >
         
        <hr />
         
        <h3>
          <strong>
            By feature
          </strong>
        </h3>
        <div>
          <table
            className="star-rating-table"
          >
            <tbody />
          </table>
        </div>
      </div>
      <a>
        See more
      </a>
      <hr />
      <div
        className="review-product"
      >
        <div>
          <h3>
            Review this product
          </h3>
          <h5>
            Share your thoughts with other customers
          </h5>
          <a
            href="link to review form"
          >
            <button
              id="review-button"
              onClick={[Function]}
            >
              Write a customer review
            </button>
          </a>
        </div>
      </div>
    </div>
    <div
      className="MuiGrid-root MuiGrid-item MuiGrid-grid-sm-true"
      id="right-grid"
    >
      <div>
        <div>
          <div>
            <h3>
              Customer Images
            </h3>
            <div
              className="imageArrayList"
            />
            <div>
              <a>
                See all customer images 
              </a>
            </div>
          </div>
        </div>
      </div>
      <br />
      <div
        className="review-mention"
      >
        <h3>
          Read reviews that mention
        </h3>
        <span />
      </div>
      <br />
      <br />
      <div
        className="dropdown"
      >
        <div
          id="drop"
          onClick={[Function]}
        >
          <div>
            <button
              id="top"
              onClick={[Function]}
            >
              Top Reviews 
              <i
                className="arrow down"
              />
            </button>
            <button
              id="most"
              onClick={[Function]}
            >
              Most Recent   
            </button>
          </div>
        </div>
      </div>
    </div>
  </div>
</div>
`;
